// Jest Snapshot v1, https://goo.gl/fbAQLP

exports[`Sequence Table Matches its mobile snapshot 1`] = `
<table>
  <tbody>
    <tr>
      <td
        colspan="2"
      >
        <p>
          07/25/2017
        </p>
      </td>
    </tr>
    <tr>
      <td>
        <p>
          Rebalance
        </p>
      </td>
      <td>
        <p>
          Pending
        </p>
      </td>
    </tr>
  </tbody>
  <tbody>
    <tr>
      <td
        colspan="2"
      >
        <p>
          07/22/2017
        </p>
      </td>
    </tr>
    <tr>
      <td>
        <p>
          ACATS
        </p>
      </td>
      <td>
        <p>
          Success
        </p>
      </td>
    </tr>
    <tr>
      <td>
        <p>
          SSTK
        </p>
        <p>
          Share
        </p>
        <p>
          1000
        </p>
      </td>
    </tr>
    <tr>
      <td>
        <p>
          VTI
        </p>
        <p>
          Share
        </p>
        <p>
          10000
        </p>
      </td>
    </tr>
    <tr>
      <td>
        <p>
          TSLA
        </p>
        <p>
          Share
        </p>
        <p>
          10
        </p>
      </td>
    </tr>
  </tbody>
  <tbody>
    <tr>
      <td
        colspan="2"
      >
        <p>
          07/16/2017
        </p>
      </td>
    </tr>
    <tr>
      <td>
        <p>
          Transfer Process Initiated
        </p>
      </td>
      <td>
        <p />
      </td>
    </tr>
  </tbody>
  <tbody>
    <tr>
      <td
        colspan="2"
      >
        <p>
          07/11/2017
        </p>
      </td>
    </tr>
    <tr>
      <td>
        <p>
          Stock rest and settle
        </p>
      </td>
      <td>
        <p>
          Complete
        </p>
      </td>
    </tr>
  </tbody>
</table>
`;
